win8.1@hp MINGW64 /c/xampp/htdocs/git_test (master)
$ git config --global user.name "nurshoyaba"

win8.1@hp MINGW64 /c/xampp/htdocs/git_test (master)
$ git config --global user.email "nurshoyaba@gmail.com"

win8.1@hp MINGW64 /c/xampp/htdocs/git_test (master)
$ git clone https://github.com/nurshoyaba/git_test.git
Cloning into 'git_test'...
warning: You appear to have cloned an empty repository.

win8.1@hp MINGW64 /c/xampp/htdocs/git_test (master)
$ ls
git_test/  test-doc.txt

win8.1@hp MINGW64 /c/xampp/htdocs/git_test (master)
$ cd git_test/

win8.1@hp MINGW64 /c/xampp/htdocs/git_test/git_test (master)
$ ls

win8.1@hp MINGW64 /c/xampp/htdocs/git_test/git_test (master)
$ ls
test.html

win8.1@hp MINGW64 /c/xampp/htdocs/git_test/git_test (master)
$ git add test.html

win8.1@hp MINGW64 /c/xampp/htdocs/git_test/git_test (master)
$ git status
On branch master

No commits yet

Changes to be committed:
  (use "git rm --cached <file>..." to unstage)
        new file:   test.html


win8.1@hp MINGW64 /c/xampp/htdocs/git_test/git_test (master)
$ git commit -m "First html File"
[master (root-commit) 75624ac] First html File
 1 file changed, 9 insertions(+)
 create mode 100644 test.html

win8.1@hp MINGW64 /c/xampp/htdocs/git_test/git_test (master)
$ git push -u origin master
remote: Invalid username or password.
fatal: Authentication failed for 'https://github.com/nurshoyaba/git_test.git/'

win8.1@hp MINGW64 /c/xampp/htdocs/git_test/git_test (master)
$ git push -u origin master
Enumerating objects: 3, done.
Counting objects: 100% (3/3), done.
Delta compression using up to 4 threads
Compressing objects: 100% (2/2), done.
Writing objects: 100% (3/3), 295 bytes | 295.00 KiB/s, done.
Total 3 (delta 0), reused 0 (delta 0), pack-reused 0
To https://github.com/nurshoyaba/git_test.git
 * [new branch]      master -> master
Branch 'master' set up to track remote branch 'master' from 'origin'.

win8.1@hp MINGW64 /c/xampp/htdocs/git_test/git_test (master)
$ git status
On branch master
Your branch is up to date with 'origin/master'.

Changes not staged for commit:
  (use "git add <file>..." to update what will be committed)
  (use "git restore <file>..." to discard changes in working directory)
        modified:   test.html

no changes added to commit (use "git add" and/or "git commit -a")

win8.1@hp MINGW64 /c/xampp/htdocs/git_test/git_test (master)
$ git commit -m "added new text" test.html
[master f5ede4e] added new text
 1 file changed, 1 insertion(+)

win8.1@hp MINGW64 /c/xampp/htdocs/git_test/git_test (master)
$ git push -u origin master
remote: Invalid username or password.
fatal: Authentication failed for 'https://github.com/nurshoyaba/git_test.git/'

win8.1@hp MINGW64 /c/xampp/htdocs/git_test/git_test (master)
$ git push -u origin master
Enumerating objects: 5, done.
Counting objects: 100% (5/5), done.
Delta compression using up to 4 threads
Compressing objects: 100% (2/2), done.
Writing objects: 100% (3/3), 297 bytes | 297.00 KiB/s, done.
Total 3 (delta 1), reused 0 (delta 0), pack-reused 0
remote: Resolving deltas: 100% (1/1), completed with 1 local object.
To https://github.com/nurshoyaba/git_test.git
   75624ac..f5ede4e  master -> master
Branch 'master' set up to track remote branch 'master' from 'origin'.

win8.1@hp MINGW64 /c/xampp/htdocs/git_test/git_test (master)
$
